version https://git-lfs.github.com/spec/v1
oid sha256:e26a8a8be37798933a794fb2c53596abc02cd3d93945a905afded78ee4f63231
size 24637605
